#
# There is insufficient memory for the Java Runtime Environment to continue.
# Native memory allocation (mmap) failed to map 257949696 bytes. Error detail: G1 virtual space
# Possible reasons:
#   The system is out of physical RAM or swap space
#   This process is running with CompressedOops enabled, and the Java Heap may be blocking the growth of the native heap
# Possible solutions:
#   Reduce memory load on the system
#   Increase physical memory or swap space
#   Check if swap backing store is full
#   Decrease Java heap size (-Xmx/-Xms)
#   Decrease number of Java threads
#   Decrease Java thread stack sizes (-Xss)
#   Set larger code cache with -XX:ReservedCodeCacheSize=
#   JVM is running with Zero Based Compressed Oops mode in which the Java heap is
#     placed in the first 32GB address space. The Java Heap base address is the
#     maximum limit for the native heap growth. Please use -XX:HeapBaseMinAddress
#     to set the Java Heap base and to place the Java Heap above 32GB virtual address.
# This output file may be truncated or incomplete.
#
#  Out of Memory Error (os_windows.cpp:3898), pid=16916, tid=23300
#
# JRE version:  (21.0.6+9) (build )
# Java VM: OpenJDK 64-Bit Server VM (21.0.6+9-b895.109, mixed mode, sharing, tiered, compressed oops, compressed class ptrs, g1 gc, windows-amd64)
# No core dump will be written. Minidumps are not enabled by default on client versions of Windows
#

---------------  S U M M A R Y ------------

Command Line: git4idea.http.GitAskPassApp Username for 'https://github.com': 

Host: AMD Ryzen 7 7730U with Radeon Graphics         , 16 cores, 15G,  Windows 11 , 64 bit Build 26100 (10.0.26100.5074)
Time: Sat Oct 18 12:21:39 2025 Cen. Australia Daylight Time elapsed time: 1.161025 seconds (0d 0h 0m 1s)

---------------  T H R E A D  ---------------

Current thread (0x0000018678614ed0):  JavaThread "Unknown thread" [_thread_in_vm, id=23300, stack(0x0000005770f00000,0x0000005771000000) (1024K)]

Stack: [0x0000005770f00000,0x0000005771000000]
Native frames: (J=compiled Java code, j=interpreted, Vv=VM code, C=native code)
V  [jvm.dll+0x6e5cb9]
V  [jvm.dll+0x8c4113]
V  [jvm.dll+0x8c666e]
V  [jvm.dll+0x8c6d53]
V  [jvm.dll+0x288f76]
V  [jvm.dll+0x6e2575]
V  [jvm.dll+0x6d602a]
V  [jvm.dll+0x3635db]
V  [jvm.dll+0x36b1a6]
V  [jvm.dll+0x3bd4f6]
V  [jvm.dll+0x3bd7c8]
V  [jvm.dll+0x335d2c]
V  [jvm.dll+0x336a1b]
V  [jvm.dll+0x88b569]
V  [jvm.dll+0x3ca6c8]
V  [jvm.dll+0x8745b8]
V  [jvm.dll+0x45f0de]
V  [jvm.dll+0x460dc1]
C  [jli.dll+0x52ab]
C  [ucrtbase.dll+0x37b0]
C  [KERNEL32.DLL+0x2e8d7]
C  [ntdll.dll+0x8d9c]


---------------  P R O C E S S  ---------------

Threads class SMR info:
_java_thread_list=0x00007ff84ac8a148, length=0, elements={
}

Java Threads: ( => current thread )
Total: 0

Other Threads:
  0x000001867aadd540 WorkerThread "GC Thread#0"                     [id=34608, stack(0x0000005771000000,0x0000005771100000) (1024K)]
  0x000001867aaed8b0 ConcurrentGCThread "G1 Main Marker"            [id=18584, stack(0x0000005771100000,0x0000005771200000) (1024K)]
  0x000001867aaf1450 WorkerThread "G1 Conc#0"                       [id=27728, stack(0x0000005771200000,0x0000005771300000) (1024K)]

[error occurred during error reporting (printing all threads), id 0xc0000005, EXCEPTION_ACCESS_VIOLATION (0xc0000005) at pc=0x00007ff84a378e07]
VM state: not at safepoint (not fully initialized)

VM Mutex/Monitor currently owned by a thread:  ([mutex/lock_event])
[0x00007ff84acfeb30] Heap_lock - owner thread: 0x0000018678614ed0

Heap address: 0x000000070b800000, size: 3912 MB, Compressed Oops mode: Zero based, Oop shift amount: 3

CDS archive(s) mapped at: [0x0000000000000000-0x0000000000000000-0x0000000000000000), size 0, SharedBaseAddress: 0x0000000800000000, ArchiveRelocationMode: 1.
Narrow klass base: 0x0000000000000000, Narrow klass shift: 0, Narrow klass range: 0x0

GC Precious Log:
 CardTable entry size: 512
 Card Set container configuration: InlinePtr #cards 4 size 8 Array Of Cards #cards 16 size 48 Howl #buckets 8 coarsen threshold 3686 Howl Bitmap #cards 512 size 80 coarsen threshold 460 Card regions per heap region 1 cards per card region 4096

Heap:
 garbage-first heap   total 0K, used 0K [0x000000070b800000, 0x0000000800000000)
  region size 2048K, 0 young (0K), 0 survivors (0K)
 Metaspace       used 0K, committed 0K, reserved 0K
  class space    used 0K, committed 0K, reserved 0K

Heap Regions: E=young(eden), S=young(survivor), O=old, HS=humongous(starts), HC=humongous(continues), CS=collection set, F=free, TAMS=top-at-mark-start, PB=parsable bottom

Card table byte_map: [0x000001860f000000,0x000001860f7b0000] _byte_map_base: 0x000001860b7a4000

Marking Bits: (CMBitMap*) 0x000001867aaddb50
 Bits: [0x000001860f7b0000, 0x00000186134d0000)

GC Heap History (0 events):
No events

Dll operation events (1 events):
Event: 0.014 Loaded shared library C:\Program Files\JetBrains\PyCharm Community Edition 2025.1\jbr\bin\java.dll

Deoptimization events (0 events):
No events

Classes loaded (0 events):
No events

Classes unloaded (0 events):
No events

Classes redefined (0 events):
No events

Internal exceptions (0 events):
No events

ZGC Phase Switch (0 events):
No events

VM Operations (0 events):
No events

Memory protections (0 events):
No events

Nmethod flushes (0 events):
No events

Events (0 events):
No events


Dynamic libraries:
0x00007ff773d70000 - 0x00007ff773d7a000 	C:\Program Files\JetBrains\PyCharm Community Edition 2025.1\jbr\bin\java.exe
0x00007ff94b440000 - 0x00007ff94b6a9000 	C:\WINDOWS\SYSTEM32\ntdll.dll
0x00007ff949af0000 - 0x00007ff949bb9000 	C:\WINDOWS\System32\KERNEL32.DLL
0x00007ff948b50000 - 0x00007ff948f43000 	C:\WINDOWS\System32\KERNELBASE.dll
0x00007ff949000000 - 0x00007ff94914b000 	C:\WINDOWS\System32\ucrtbase.dll
0x00007ff935010000 - 0x00007ff93502b000 	C:\Program Files\JetBrains\PyCharm Community Edition 2025.1\jbr\bin\VCRUNTIME140.dll
0x00007ff929a30000 - 0x00007ff929a48000 	C:\Program Files\JetBrains\PyCharm Community Edition 2025.1\jbr\bin\jli.dll
0x00007ff949370000 - 0x00007ff949534000 	C:\WINDOWS\System32\USER32.dll
0x00007ff9485d0000 - 0x00007ff9485f7000 	C:\WINDOWS\System32\win32u.dll
0x00007ff92edb0000 - 0x00007ff92f043000 	C:\WINDOWS\WinSxS\amd64_microsoft.windows.common-controls_6595b64144ccf1df_6.0.26100.5074_none_3e0d6f78e32fd63f\COMCTL32.dll
0x00007ff94ab00000 - 0x00007ff94ab2b000 	C:\WINDOWS\System32\GDI32.dll
0x00007ff94b350000 - 0x00007ff94b3f9000 	C:\WINDOWS\System32\msvcrt.dll
0x00007ff948600000 - 0x00007ff94872d000 	C:\WINDOWS\System32\gdi32full.dll
0x00007ff948f50000 - 0x00007ff948ff3000 	C:\WINDOWS\System32\msvcp_win.dll
0x00007ff94a2b0000 - 0x00007ff94a2df000 	C:\WINDOWS\System32\IMM32.DLL
0x00007ff9450d0000 - 0x00007ff9450dc000 	C:\Program Files\JetBrains\PyCharm Community Edition 2025.1\jbr\bin\vcruntime140_1.dll
0x00007ff9051d0000 - 0x00007ff90525d000 	C:\Program Files\JetBrains\PyCharm Community Edition 2025.1\jbr\bin\msvcp140.dll
0x00007ff84a030000 - 0x00007ff84adf1000 	C:\Program Files\JetBrains\PyCharm Community Edition 2025.1\jbr\bin\server\jvm.dll
0x00007ff949d70000 - 0x00007ff949e24000 	C:\WINDOWS\System32\ADVAPI32.dll
0x00007ff94aa50000 - 0x00007ff94aaf6000 	C:\WINDOWS\System32\sechost.dll
0x00007ff949540000 - 0x00007ff949658000 	C:\WINDOWS\System32\RPCRT4.dll
0x00007ff949bc0000 - 0x00007ff949c34000 	C:\WINDOWS\System32\WS2_32.dll
0x00007ff948430000 - 0x00007ff94848e000 	C:\WINDOWS\SYSTEM32\POWRPROF.dll
0x00007ff944f30000 - 0x00007ff944f65000 	C:\WINDOWS\SYSTEM32\WINMM.dll
0x00007ff93fd10000 - 0x00007ff93fd1b000 	C:\WINDOWS\SYSTEM32\VERSION.dll
0x00007ff948410000 - 0x00007ff948424000 	C:\WINDOWS\SYSTEM32\UMPDC.dll
0x00007ff947370000 - 0x00007ff94738b000 	C:\WINDOWS\SYSTEM32\kernel.appcore.dll
0x00007ff940920000 - 0x00007ff94092a000 	C:\Program Files\JetBrains\PyCharm Community Edition 2025.1\jbr\bin\jimage.dll
0x00007ff945c60000 - 0x00007ff945ea2000 	C:\WINDOWS\SYSTEM32\DBGHELP.DLL
0x00007ff949e30000 - 0x00007ff94a1ab000 	C:\WINDOWS\System32\combase.dll
0x00007ff94a900000 - 0x00007ff94a9d7000 	C:\WINDOWS\System32\OLEAUT32.dll
0x00007ff944ea0000 - 0x00007ff944edd000 	C:\WINDOWS\SYSTEM32\dbgcore.DLL
0x00007ff9487c0000 - 0x00007ff948859000 	C:\WINDOWS\System32\bcryptPrimitives.dll
0x00007ff929630000 - 0x00007ff929650000 	C:\Program Files\JetBrains\PyCharm Community Edition 2025.1\jbr\bin\java.dll

dbghelp: loaded successfully - version: 4.0.5 - missing functions: none
symbol engine: initialized successfully - sym options: 0x614 - pdb path: .;C:\Program Files\JetBrains\PyCharm Community Edition 2025.1\jbr\bin;C:\WINDOWS\SYSTEM32;C:\WINDOWS\WinSxS\amd64_microsoft.windows.common-controls_6595b64144ccf1df_6.0.26100.5074_none_3e0d6f78e32fd63f;C:\Program Files\JetBrains\PyCharm Community Edition 2025.1\jbr\bin\server

VM Arguments:
java_command: git4idea.http.GitAskPassApp Username for 'https://github.com': 
java_class_path (initial): C:/Program Files/JetBrains/PyCharm Community Edition 2025.1/plugins/vcs-git/lib/git4idea-rt.jar;C:/Program Files/JetBrains/PyCharm Community Edition 2025.1/lib/externalProcess-rt.jar
Launcher Type: SUN_STANDARD

[Global flags]
     intx CICompilerCount                          = 12                                        {product} {ergonomic}
     uint ConcGCThreads                            = 3                                         {product} {ergonomic}
     uint G1ConcRefinementThreads                  = 13                                        {product} {ergonomic}
   size_t G1HeapRegionSize                         = 2097152                                   {product} {ergonomic}
    uintx GCDrainStackTargetSize                   = 64                                        {product} {ergonomic}
   size_t InitialHeapSize                          = 257949696                                 {product} {ergonomic}
   size_t MarkStackSize                            = 4194304                                   {product} {ergonomic}
   size_t MaxHeapSize                              = 4102029312                                {product} {ergonomic}
   size_t MinHeapDeltaBytes                        = 2097152                                   {product} {ergonomic}
   size_t MinHeapSize                              = 8388608                                   {product} {ergonomic}
    uintx NonNMethodCodeHeapSize                   = 7602480                                {pd product} {ergonomic}
    uintx NonProfiledCodeHeapSize                  = 122027880                              {pd product} {ergonomic}
    uintx ProfiledCodeHeapSize                     = 122027880                              {pd product} {ergonomic}
    uintx ReservedCodeCacheSize                    = 251658240                              {pd product} {ergonomic}
     bool SegmentedCodeCache                       = true                                      {product} {ergonomic}
   size_t SoftMaxHeapSize                          = 4102029312                             {manageable} {ergonomic}
     bool UseCompressedOops                        = true                           {product lp64_product} {ergonomic}
     bool UseG1GC                                  = true                                      {product} {ergonomic}
     bool UseLargePagesIndividualAllocation        = false                                  {pd product} {ergonomic}

Logging:
Log output configuration:
 #0: stdout all=warning uptime,level,tags foldmultilines=false
 #1: stderr all=off uptime,level,tags foldmultilines=false

Environment Variables:
PATH=C:\Program Files\Git\mingw64\libexec\git-core;C:\Program Files\Git\mingw64\libexec\git-core;C:\Program Files\Git\mingw64\bin;C:\Program Files\Git\usr\bin;C:\Users\saksh\bin;C:\WINDOWS\system32;C:\WINDOWS;C:\WINDOWS\System32\Wbem;C:\WINDOWS\System32\WindowsPowerShell\v1.0;C:\WINDOWS\System32\OpenSSH;C:\Program Files\dotnet;C:\Program Files (x86)\Microsoft SQL Server\160\Tools\Binn;C:\Program Files\Microsoft SQL Server\160\Tools\Binn;C:\Program Files\Microsoft SQL Server\Client SDK\ODBC\170\Tools\Binn;C:\Program Files\Microsoft SQL Server\160\DTS\Binn;C:\Program Files (x86)\Microsoft SQL Server\160\DTS\Binn;C:\Program Files\Microsoft SQL Server\150\Tools\Binn;C:\Program Files (x86)\Windows Kits\10\Windows Performance Toolkit;C:\Program Files\Git\cmd;C:\Users\saksh\AppData\Local\Programs\Python\Python312\Scripts;C:\Users\saksh\AppData\Local\Programs\Python\Python312;C:\Users\saksh\AppData\Local\Programs\Python\Launcher;C:\Users\saksh\AppData\Local\Microsoft\WindowsApps;C:\Users\saksh\AppData\Local\Programs\Microsoft VS Code\bin;C:\Users\saksh\.dotnet\tools;C:\Users\saksh\AppData\Local\JetBrains\Toolbox\scripts
USERNAME=saksh
DISPLAY=:0.0
LC_ALL=en_US.UTF-8
TERM=xterm-256color
TMPDIR=C:\Users\saksh\AppData\Local\Temp
OS=Windows_NT
PROCESSOR_IDENTIFIER=AMD64 Family 25 Model 80 Stepping 0, AuthenticAMD
TMP=C:\Users\saksh\AppData\Local\Temp
TEMP=C:\Users\saksh\AppData\Local\Temp




Periodic native trim disabled

JNI global refs:
JNI global refs: 0, weak refs: 0

JNI global refs memory usage: 0, weak refs: 0

Process memory usage:
Resident Set Size: 13068K (0% of 16021756K total physical memory with 716428K free physical memory)

OOME stack traces (most recent first):
Classloader memory used:

---------------  S Y S T E M  ---------------

OS:
 Windows 11 , 64 bit Build 26100 (10.0.26100.5074)
OS uptime: 38 days 4:25 hours
Hyper-V role detected

CPU: total 16 (initial active 16) (16 cores per cpu, 2 threads per core) family 25 model 80 stepping 0 microcode 0xa500014, cx8, cmov, fxsr, ht, mmx, 3dnowpref, sse, sse2, sse3, ssse3, sse4a, sse4.1, sse4.2, popcnt, lzcnt, tsc, tscinvbit, avx, avx2, aes, erms, clmul, bmi1, bmi2, adx, sha, fma, vzeroupper, clflush, clflushopt, hv, rdtscp, rdpid, fsrm, f16c, cet_ss
Processor Information for processor 0
  Max Mhz: 2000, Current Mhz: 1808, Mhz Limit: 2000
Processor Information for processor 1
  Max Mhz: 2000, Current Mhz: 1808, Mhz Limit: 2000
Processor Information for processor 2
  Max Mhz: 2000, Current Mhz: 1808, Mhz Limit: 2000
Processor Information for processor 3
  Max Mhz: 2000, Current Mhz: 2000, Mhz Limit: 2000
Processor Information for processor 4
  Max Mhz: 2000, Current Mhz: 1808, Mhz Limit: 2000
Processor Information for processor 5
  Max Mhz: 2000, Current Mhz: 1808, Mhz Limit: 2000
Processor Information for processor 6
  Max Mhz: 2000, Current Mhz: 1808, Mhz Limit: 2000
Processor Information for processor 7
  Max Mhz: 2000, Current Mhz: 2000, Mhz Limit: 2000
Processor Information for processor 8
  Max Mhz: 2000, Current Mhz: 1808, Mhz Limit: 2000
Processor Information for processor 9
  Max Mhz: 2000, Current Mhz: 1808, Mhz Limit: 2000
Processor Information for processor 10
  Max Mhz: 2000, Current Mhz: 2000, Mhz Limit: 2000
Processor Information for processor 11
  Max Mhz: 2000, Current Mhz: 2000, Mhz Limit: 2000
Processor Information for processor 12
  Max Mhz: 2000, Current Mhz: 1808, Mhz Limit: 2000
Processor Information for processor 13
  Max Mhz: 2000, Current Mhz: 2000, Mhz Limit: 2000
Processor Information for processor 14
  Max Mhz: 2000, Current Mhz: 1808, Mhz Limit: 2000
Processor Information for processor 15
  Max Mhz: 2000, Current Mhz: 1808, Mhz Limit: 2000

Memory: 4k page, system-wide physical 15646M (699M free)
TotalPageFile size 62750M (AvailPageFile size 132M)
current process WorkingSet (physical memory assigned to process): 12M, peak: 12M
current process commit charge ("private bytes"): 71M, peak: 316M

vm_info: OpenJDK 64-Bit Server VM (21.0.6+9-b895.109) for windows-amd64 JRE (21.0.6+9-b895.109), built on 2025-03-26 by "builduser" with MS VC++ 16.10 / 16.11 (VS2019)

END.
